origin  https://github.com/kaps111/gitRemoteDemo.git (fetch)
origin  https://github.com/kaps111/gitRemoteDemo.git (push)

kalpesh_nikam@TRNG-JAVA-ANG32 MINGW64 /h/GitRemoteDemo (master)
$ git status
On branch master

No commits yet

nothing to commit (create/copy files and use "git add" to track)

kalpesh_nikam@TRNG-JAVA-ANG32 MINGW64 /h/GitRemoteDemo (master)
$ git status
On branch master

No commits yet

Untracked files:
  (use "git add <file>..." to include in what will be committed)

        main/

nothing added to commit but untracked files present (use "git add" to track)

kalpesh_nikam@TRNG-JAVA-ANG32 MINGW64 /h/GitRemoteDemo (master)
$ git add .

kalpesh_nikam@TRNG-JAVA-ANG32 MINGW64 /h/GitRemoteDemo (master)
$ git commit -m "initial commit"
[master (root-commit) f0c1a23] initial commit
 1 file changed, 1 insertion(+)
 create mode 100644 main/main.txt

kalpesh_nikam@TRNG-JAVA-ANG32 MINGW64 /h/GitRemoteDemo (master)
$ git push -u origin master
Enumerating objects: 4, done.
Counting objects: 100% (4/4), done.
Writing objects: 100% (4/4), 277 bytes | 55.00 KiB/s, done.
Total 4 (delta 0), reused 0 (delta 0)
To https://github.com/kaps111/gitRemoteDemo.git
 * [new branch]      master -> master
Branch 'master' set up to track remote branch 'master' from 'origin'.

kalpesh_nikam@TRNG-JAVA-ANG32 MINGW64 /h/GitRemoteDemo (master)
$ git status
On branch master
Your branch is up to date with 'origin/master'.

nothing to commit, working tree clean

kalpesh_nikam@TRNG-JAVA-ANG32 MINGW64 /h/GitRemoteDemo (master)
$ ^C

kalpesh_nikam@TRNG-JAVA-ANG32 MINGW64 /h/GitRemoteDemo (master)
$
